feat_char[ 0 ] =  116
feat_char[ 1 ] =  118
feat_char[ 2 ] =  132
feat_char[ 3 ] =  127
feat_char[ 4 ] =  128
feat_char[ 5 ] =  127
feat_char[ 6 ] =  128
feat_char[ 7 ] =  127
feat_char[ 8 ] =  127
feat_char[ 9 ] =  127
feat_char[ 10 ] =  114
feat_char[ 11 ] =  122
feat_char[ 12 ] =  131
feat_char[ 13 ] =  126
feat_char[ 14 ] =  127
feat_char[ 15 ] =  127
feat_char[ 16 ] =  127
feat_char[ 17 ] =  127
feat_char[ 18 ] =  128
feat_char[ 19 ] =  127
feat_char[ 20 ] =  111
feat_char[ 21 ] =  125
feat_char[ 22 ] =  131
feat_char[ 23 ] =  126
feat_char[ 24 ] =  127
feat_char[ 25 ] =  128
feat_char[ 26 ] =  127
feat_char[ 27 ] =  127
feat_char[ 28 ] =  127
feat_char[ 29 ] =  128
feat_char[ 30 ] =  107
feat_char[ 31 ] =  126
feat_char[ 32 ] =  128
feat_char[ 33 ] =  127
feat_char[ 34 ] =  127
feat_char[ 35 ] =  128
feat_char[ 36 ] =  127
feat_char[ 37 ] =  127
feat_char[ 38 ] =  127
feat_char[ 39 ] =  127
feat_char[ 40 ] =  106
feat_char[ 41 ] =  127
feat_char[ 42 ] =  128
feat_char[ 43 ] =  127
feat_char[ 44 ] =  127
feat_char[ 45 ] =  128
feat_char[ 46 ] =  127
feat_char[ 47 ] =  127
feat_char[ 48 ] =  127
feat_char[ 49 ] =  127
feat_char[ 50 ] =  105
feat_char[ 51 ] =  127
feat_char[ 52 ] =  127
feat_char[ 53 ] =  128
feat_char[ 54 ] =  127
feat_char[ 55 ] =  128
feat_char[ 56 ] =  127
feat_char[ 57 ] =  127
feat_char[ 58 ] =  128
feat_char[ 59 ] =  127
feat_char[ 60 ] =  106
feat_char[ 61 ] =  130
feat_char[ 62 ] =  128
feat_char[ 63 ] =  128
feat_char[ 64 ] =  127
feat_char[ 65 ] =  128
feat_char[ 66 ] =  128
feat_char[ 67 ] =  128
feat_char[ 68 ] =  128
feat_char[ 69 ] =  128
feat_char[ 70 ] =  108
feat_char[ 71 ] =  131
feat_char[ 72 ] =  130
feat_char[ 73 ] =  129
feat_char[ 74 ] =  127
feat_char[ 75 ] =  128
feat_char[ 76 ] =  128
feat_char[ 77 ] =  127
feat_char[ 78 ] =  128
feat_char[ 79 ] =  128
feat_char[ 80 ] =  116
feat_char[ 81 ] =  139
feat_char[ 82 ] =  134
feat_char[ 83 ] =  131
feat_char[ 84 ] =  127
feat_char[ 85 ] =  126
feat_char[ 86 ] =  127
feat_char[ 87 ] =  127
feat_char[ 88 ] =  127
feat_char[ 89 ] =  128
feat_char[ 90 ] =  126
feat_char[ 91 ] =  138
feat_char[ 92 ] =  131
feat_char[ 93 ] =  132
feat_char[ 94 ] =  126
feat_char[ 95 ] =  125
feat_char[ 96 ] =  128
feat_char[ 97 ] =  128
feat_char[ 98 ] =  127
feat_char[ 99 ] =  128
feat_char[ 100 ] =  131
feat_char[ 101 ] =  135
feat_char[ 102 ] =  132
feat_char[ 103 ] =  131
feat_char[ 104 ] =  126
feat_char[ 105 ] =  126
feat_char[ 106 ] =  127
feat_char[ 107 ] =  129
feat_char[ 108 ] =  126
feat_char[ 109 ] =  128
feat_char[ 110 ] =  133
feat_char[ 111 ] =  134
feat_char[ 112 ] =  132
feat_char[ 113 ] =  130
feat_char[ 114 ] =  127
feat_char[ 115 ] =  126
feat_char[ 116 ] =  127
feat_char[ 117 ] =  128
feat_char[ 118 ] =  126
feat_char[ 119 ] =  128
feat_char[ 120 ] =  133
feat_char[ 121 ] =  133
feat_char[ 122 ] =  133
feat_char[ 123 ] =  131
feat_char[ 124 ] =  126
feat_char[ 125 ] =  126
feat_char[ 126 ] =  127
feat_char[ 127 ] =  128
feat_char[ 128 ] =  126
feat_char[ 129 ] =  128
feat_char[ 130 ] =  134
feat_char[ 131 ] =  132
feat_char[ 132 ] =  132
feat_char[ 133 ] =  132
feat_char[ 134 ] =  127
feat_char[ 135 ] =  127
feat_char[ 136 ] =  127
feat_char[ 137 ] =  127
feat_char[ 138 ] =  126
feat_char[ 139 ] =  128
feat_char[ 140 ] =  131
feat_char[ 141 ] =  133
feat_char[ 142 ] =  132
feat_char[ 143 ] =  132
feat_char[ 144 ] =  126
feat_char[ 145 ] =  126
feat_char[ 146 ] =  127
feat_char[ 147 ] =  128
feat_char[ 148 ] =  126
feat_char[ 149 ] =  127
feat_char[ 150 ] =  133
feat_char[ 151 ] =  133
feat_char[ 152 ] =  132
feat_char[ 153 ] =  131
feat_char[ 154 ] =  126
feat_char[ 155 ] =  126
feat_char[ 156 ] =  127
feat_char[ 157 ] =  128
feat_char[ 158 ] =  126
feat_char[ 159 ] =  127
feat_char[ 160 ] =  138
feat_char[ 161 ] =  130
feat_char[ 162 ] =  130
feat_char[ 163 ] =  130
feat_char[ 164 ] =  129
feat_char[ 165 ] =  123
feat_char[ 166 ] =  129
feat_char[ 167 ] =  127
feat_char[ 168 ] =  127
feat_char[ 169 ] =  126
feat_char[ 170 ] =  136
feat_char[ 171 ] =  133
feat_char[ 172 ] =  130
feat_char[ 173 ] =  128
feat_char[ 174 ] =  127
feat_char[ 175 ] =  125
feat_char[ 176 ] =  128
feat_char[ 177 ] =  128
feat_char[ 178 ] =  127
feat_char[ 179 ] =  126
feat_char[ 180 ] =  134
feat_char[ 181 ] =  134
feat_char[ 182 ] =  130
feat_char[ 183 ] =  127
feat_char[ 184 ] =  128
feat_char[ 185 ] =  125
feat_char[ 186 ] =  128
feat_char[ 187 ] =  127
feat_char[ 188 ] =  127
feat_char[ 189 ] =  127
feat_char[ 190 ] =  133
feat_char[ 191 ] =  135
feat_char[ 192 ] =  130
feat_char[ 193 ] =  126
feat_char[ 194 ] =  128
feat_char[ 195 ] =  126
feat_char[ 196 ] =  127
feat_char[ 197 ] =  128
feat_char[ 198 ] =  127
feat_char[ 199 ] =  128
feat_char[ 200 ] =  130
feat_char[ 201 ] =  137
feat_char[ 202 ] =  130
feat_char[ 203 ] =  126
feat_char[ 204 ] =  128
feat_char[ 205 ] =  125
feat_char[ 206 ] =  128
feat_char[ 207 ] =  128
feat_char[ 208 ] =  127
feat_char[ 209 ] =  128
feat_char[ 210 ] =  128
feat_char[ 211 ] =  140
feat_char[ 212 ] =  130
feat_char[ 213 ] =  124
feat_char[ 214 ] =  129
feat_char[ 215 ] =  126
feat_char[ 216 ] =  128
feat_char[ 217 ] =  126
feat_char[ 218 ] =  127
feat_char[ 219 ] =  129
feat_char[ 220 ] =  127
feat_char[ 221 ] =  141
feat_char[ 222 ] =  130
feat_char[ 223 ] =  123
feat_char[ 224 ] =  129
feat_char[ 225 ] =  127
feat_char[ 226 ] =  127
feat_char[ 227 ] =  126
feat_char[ 228 ] =  127
feat_char[ 229 ] =  128
feat_char[ 230 ] =  126
feat_char[ 231 ] =  141
feat_char[ 232 ] =  131
feat_char[ 233 ] =  122
feat_char[ 234 ] =  129
feat_char[ 235 ] =  128
feat_char[ 236 ] =  127
feat_char[ 237 ] =  126
feat_char[ 238 ] =  127
feat_char[ 239 ] =  129
feat_char[ 240 ] =  125
feat_char[ 241 ] =  142
feat_char[ 242 ] =  131
feat_char[ 243 ] =  121
feat_char[ 244 ] =  128
feat_char[ 245 ] =  128
feat_char[ 246 ] =  128
feat_char[ 247 ] =  125
feat_char[ 248 ] =  127
feat_char[ 249 ] =  130
feat_char[ 250 ] =  124
feat_char[ 251 ] =  142
feat_char[ 252 ] =  131
feat_char[ 253 ] =  123
feat_char[ 254 ] =  128
feat_char[ 255 ] =  127
feat_char[ 256 ] =  128
feat_char[ 257 ] =  125
feat_char[ 258 ] =  127
feat_char[ 259 ] =  129
feat_char[ 260 ] =  123
feat_char[ 261 ] =  142
feat_char[ 262 ] =  130
feat_char[ 263 ] =  123
feat_char[ 264 ] =  128
feat_char[ 265 ] =  128
feat_char[ 266 ] =  128
feat_char[ 267 ] =  125
feat_char[ 268 ] =  127
feat_char[ 269 ] =  129
feat_char[ 270 ] =  122
feat_char[ 271 ] =  143
feat_char[ 272 ] =  130
feat_char[ 273 ] =  123
feat_char[ 274 ] =  127
feat_char[ 275 ] =  129
feat_char[ 276 ] =  128
feat_char[ 277 ] =  125
feat_char[ 278 ] =  127
feat_char[ 279 ] =  129
feat_char[ 280 ] =  122
feat_char[ 281 ] =  143
feat_char[ 282 ] =  130
feat_char[ 283 ] =  124
feat_char[ 284 ] =  126
feat_char[ 285 ] =  129
feat_char[ 286 ] =  128
feat_char[ 287 ] =  126
feat_char[ 288 ] =  128
feat_char[ 289 ] =  129
feat_char[ 290 ] =  121
feat_char[ 291 ] =  143
feat_char[ 292 ] =  131
feat_char[ 293 ] =  126
feat_char[ 294 ] =  126
feat_char[ 295 ] =  129
feat_char[ 296 ] =  128
feat_char[ 297 ] =  126
feat_char[ 298 ] =  128
feat_char[ 299 ] =  128
feat_char[ 300 ] =  119
feat_char[ 301 ] =  143
feat_char[ 302 ] =  132
feat_char[ 303 ] =  126
feat_char[ 304 ] =  127
feat_char[ 305 ] =  128
feat_char[ 306 ] =  128
feat_char[ 307 ] =  127
feat_char[ 308 ] =  128
feat_char[ 309 ] =  128
feat_char[ 310 ] =  119
feat_char[ 311 ] =  142
feat_char[ 312 ] =  132
feat_char[ 313 ] =  128
feat_char[ 314 ] =  127
feat_char[ 315 ] =  127
feat_char[ 316 ] =  128
feat_char[ 317 ] =  127
feat_char[ 318 ] =  127
feat_char[ 319 ] =  128
feat_char[ 320 ] =  118
feat_char[ 321 ] =  141
feat_char[ 322 ] =  133
feat_char[ 323 ] =  129
feat_char[ 324 ] =  127
feat_char[ 325 ] =  128
feat_char[ 326 ] =  127
feat_char[ 327 ] =  127
feat_char[ 328 ] =  126
feat_char[ 329 ] =  128
feat_char[ 330 ] =  115
feat_char[ 331 ] =  137
feat_char[ 332 ] =  134
feat_char[ 333 ] =  130
feat_char[ 334 ] =  128
feat_char[ 335 ] =  128
feat_char[ 336 ] =  127
feat_char[ 337 ] =  126
feat_char[ 338 ] =  127
feat_char[ 339 ] =  128
feat_char[ 340 ] =  114
feat_char[ 341 ] =  134
feat_char[ 342 ] =  134
feat_char[ 343 ] =  129
feat_char[ 344 ] =  129
feat_char[ 345 ] =  127
feat_char[ 346 ] =  127
feat_char[ 347 ] =  125
feat_char[ 348 ] =  127
feat_char[ 349 ] =  128
feat_char[ 350 ] =  114
feat_char[ 351 ] =  134
feat_char[ 352 ] =  132
feat_char[ 353 ] =  129
feat_char[ 354 ] =  129
feat_char[ 355 ] =  127
feat_char[ 356 ] =  127
feat_char[ 357 ] =  126
feat_char[ 358 ] =  127
feat_char[ 359 ] =  128
feat_char[ 360 ] =  111
feat_char[ 361 ] =  132
feat_char[ 362 ] =  130
feat_char[ 363 ] =  128
feat_char[ 364 ] =  128
feat_char[ 365 ] =  128
feat_char[ 366 ] =  128
feat_char[ 367 ] =  127
feat_char[ 368 ] =  127
feat_char[ 369 ] =  127
feat_char[ 370 ] =  109
feat_char[ 371 ] =  131
feat_char[ 372 ] =  130
feat_char[ 373 ] =  129
feat_char[ 374 ] =  128
feat_char[ 375 ] =  128
feat_char[ 376 ] =  128
feat_char[ 377 ] =  128
feat_char[ 378 ] =  128
feat_char[ 379 ] =  127
feat_char[ 380 ] =  107
feat_char[ 381 ] =  130
feat_char[ 382 ] =  129
feat_char[ 383 ] =  128
feat_char[ 384 ] =  128
feat_char[ 385 ] =  128
feat_char[ 386 ] =  129
feat_char[ 387 ] =  127
feat_char[ 388 ] =  128
feat_char[ 389 ] =  128
feat_char[ 390 ] =  108
feat_char[ 391 ] =  129
feat_char[ 392 ] =  128
feat_char[ 393 ] =  128
feat_char[ 394 ] =  128
feat_char[ 395 ] =  128
feat_char[ 396 ] =  128
feat_char[ 397 ] =  128
feat_char[ 398 ] =  128
feat_char[ 399 ] =  127
feat_char[ 400 ] =  107
feat_char[ 401 ] =  129
feat_char[ 402 ] =  128
feat_char[ 403 ] =  127
feat_char[ 404 ] =  127
feat_char[ 405 ] =  128
feat_char[ 406 ] =  128
feat_char[ 407 ] =  127
feat_char[ 408 ] =  127
feat_char[ 409 ] =  127
feat_char[ 410 ] =  106
feat_char[ 411 ] =  129
feat_char[ 412 ] =  127
feat_char[ 413 ] =  127
feat_char[ 414 ] =  128
feat_char[ 415 ] =  128
feat_char[ 416 ] =  128
feat_char[ 417 ] =  127
feat_char[ 418 ] =  127
feat_char[ 419 ] =  127
feat_char[ 420 ] =  106
feat_char[ 421 ] =  128
feat_char[ 422 ] =  128
feat_char[ 423 ] =  127
feat_char[ 424 ] =  128
feat_char[ 425 ] =  127
feat_char[ 426 ] =  128
feat_char[ 427 ] =  128
feat_char[ 428 ] =  128
feat_char[ 429 ] =  127
feat_char[ 430 ] =  107
feat_char[ 431 ] =  129
feat_char[ 432 ] =  128
feat_char[ 433 ] =  128
feat_char[ 434 ] =  127
feat_char[ 435 ] =  127
feat_char[ 436 ] =  127
feat_char[ 437 ] =  128
feat_char[ 438 ] =  128
feat_char[ 439 ] =  128
feat_char[ 440 ] =  107
feat_char[ 441 ] =  129
feat_char[ 442 ] =  128
feat_char[ 443 ] =  128
feat_char[ 444 ] =  127
feat_char[ 445 ] =  127
feat_char[ 446 ] =  127
feat_char[ 447 ] =  128
feat_char[ 448 ] =  127
feat_char[ 449 ] =  127
feat_char[ 450 ] =  107
feat_char[ 451 ] =  130
feat_char[ 452 ] =  128
feat_char[ 453 ] =  128
feat_char[ 454 ] =  127
feat_char[ 455 ] =  127
feat_char[ 456 ] =  127
feat_char[ 457 ] =  128
feat_char[ 458 ] =  127
feat_char[ 459 ] =  127
feat_char[ 460 ] =  107
feat_char[ 461 ] =  128
feat_char[ 462 ] =  128
feat_char[ 463 ] =  128
feat_char[ 464 ] =  126
feat_char[ 465 ] =  128
feat_char[ 466 ] =  128
feat_char[ 467 ] =  128
feat_char[ 468 ] =  127
feat_char[ 469 ] =  127
feat_char[ 470 ] =  106
feat_char[ 471 ] =  129
feat_char[ 472 ] =  127
feat_char[ 473 ] =  127
feat_char[ 474 ] =  127
feat_char[ 475 ] =  127
feat_char[ 476 ] =  128
feat_char[ 477 ] =  128
feat_char[ 478 ] =  128
feat_char[ 479 ] =  127
feat_char[ 480 ] =  98
feat_char[ 481 ] =  128
feat_char[ 482 ] =  126
feat_char[ 483 ] =  127
feat_char[ 484 ] =  126
feat_char[ 485 ] =  127
feat_char[ 486 ] =  128
feat_char[ 487 ] =  127
feat_char[ 488 ] =  127
feat_char[ 489 ] =  127