feat_char[0] = 182
feat_char[1] = 128
feat_char[2] = 128
feat_char[3] = 128
feat_char[4] = 127
feat_char[5] = 128
feat_char[6] = 127
feat_char[7] = 128
feat_char[8] = 128
feat_char[9] = 128
feat_char[10] = 182
feat_char[11] = 128
feat_char[12] = 128
feat_char[13] = 128
feat_char[14] = 127
feat_char[15] = 128
feat_char[16] = 127
feat_char[17] = 128
feat_char[18] = 128
feat_char[19] = 128
feat_char[20] = 182
feat_char[21] = 128
feat_char[22] = 128
feat_char[23] = 128
feat_char[24] = 127
feat_char[25] = 128
feat_char[26] = 127
feat_char[27] = 128
feat_char[28] = 128
feat_char[29] = 128
feat_char[30] = 182
feat_char[31] = 128
feat_char[32] = 128
feat_char[33] = 128
feat_char[34] = 127
feat_char[35] = 128
feat_char[36] = 127
feat_char[37] = 128
feat_char[38] = 128
feat_char[39] = 128
feat_char[40] = 182
feat_char[41] = 128
feat_char[42] = 128
feat_char[43] = 128
feat_char[44] = 127
feat_char[45] = 128
feat_char[46] = 127
feat_char[47] = 128
feat_char[48] = 128
feat_char[49] = 128
feat_char[50] = 182
feat_char[51] = 128
feat_char[52] = 128
feat_char[53] = 128
feat_char[54] = 127
feat_char[55] = 128
feat_char[56] = 127
feat_char[57] = 128
feat_char[58] = 128
feat_char[59] = 128
feat_char[60] = 182
feat_char[61] = 128
feat_char[62] = 128
feat_char[63] = 128
feat_char[64] = 127
feat_char[65] = 128
feat_char[66] = 127
feat_char[67] = 128
feat_char[68] = 128
feat_char[69] = 128
feat_char[70] = 182
feat_char[71] = 128
feat_char[72] = 128
feat_char[73] = 128
feat_char[74] = 127
feat_char[75] = 128
feat_char[76] = 127
feat_char[77] = 128
feat_char[78] = 128
feat_char[79] = 128
feat_char[80] = 182
feat_char[81] = 128
feat_char[82] = 128
feat_char[83] = 128
feat_char[84] = 127
feat_char[85] = 128
feat_char[86] = 127
feat_char[87] = 128
feat_char[88] = 128
feat_char[89] = 128
feat_char[90] = 182
feat_char[91] = 128
feat_char[92] = 128
feat_char[93] = 128
feat_char[94] = 127
feat_char[95] = 128
feat_char[96] = 127
feat_char[97] = 128
feat_char[98] = 128
feat_char[99] = 128
feat_char[100] = 182
feat_char[101] = 128
feat_char[102] = 128
feat_char[103] = 128
feat_char[104] = 127
feat_char[105] = 128
feat_char[106] = 127
feat_char[107] = 128
feat_char[108] = 128
feat_char[109] = 128
feat_char[110] = 182
feat_char[111] = 128
feat_char[112] = 128
feat_char[113] = 128
feat_char[114] = 127
feat_char[115] = 128
feat_char[116] = 127
feat_char[117] = 128
feat_char[118] = 128
feat_char[119] = 128
feat_char[120] = 182
feat_char[121] = 128
feat_char[122] = 128
feat_char[123] = 128
feat_char[124] = 127
feat_char[125] = 128
feat_char[126] = 127
feat_char[127] = 128
feat_char[128] = 128
feat_char[129] = 128
feat_char[130] = 182
feat_char[131] = 128
feat_char[132] = 128
feat_char[133] = 128
feat_char[134] = 127
feat_char[135] = 128
feat_char[136] = 127
feat_char[137] = 128
feat_char[138] = 128
feat_char[139] = 128
feat_char[140] = 182
feat_char[141] = 128
feat_char[142] = 128
feat_char[143] = 128
feat_char[144] = 127
feat_char[145] = 128
feat_char[146] = 127
feat_char[147] = 128
feat_char[148] = 128
feat_char[149] = 128
feat_char[150] = 182
feat_char[151] = 128
feat_char[152] = 128
feat_char[153] = 128
feat_char[154] = 127
feat_char[155] = 128
feat_char[156] = 127
feat_char[157] = 128
feat_char[158] = 128
feat_char[159] = 128
feat_char[160] = 182
feat_char[161] = 128
feat_char[162] = 128
feat_char[163] = 128
feat_char[164] = 127
feat_char[165] = 128
feat_char[166] = 127
feat_char[167] = 128
feat_char[168] = 128
feat_char[169] = 128
feat_char[170] = 182
feat_char[171] = 128
feat_char[172] = 128
feat_char[173] = 128
feat_char[174] = 127
feat_char[175] = 128
feat_char[176] = 127
feat_char[177] = 128
feat_char[178] = 128
feat_char[179] = 128
feat_char[180] = 182
feat_char[181] = 128
feat_char[182] = 128
feat_char[183] = 128
feat_char[184] = 127
feat_char[185] = 128
feat_char[186] = 127
feat_char[187] = 128
feat_char[188] = 128
feat_char[189] = 128
feat_char[190] = 182
feat_char[191] = 128
feat_char[192] = 128
feat_char[193] = 128
feat_char[194] = 127
feat_char[195] = 128
feat_char[196] = 127
feat_char[197] = 128
feat_char[198] = 128
feat_char[199] = 128
feat_char[200] = 182
feat_char[201] = 128
feat_char[202] = 128
feat_char[203] = 128
feat_char[204] = 127
feat_char[205] = 128
feat_char[206] = 127
feat_char[207] = 128
feat_char[208] = 128
feat_char[209] = 128
feat_char[210] = 182
feat_char[211] = 128
feat_char[212] = 128
feat_char[213] = 128
feat_char[214] = 127
feat_char[215] = 128
feat_char[216] = 127
feat_char[217] = 128
feat_char[218] = 128
feat_char[219] = 128
feat_char[220] = 182
feat_char[221] = 128
feat_char[222] = 128
feat_char[223] = 128
feat_char[224] = 127
feat_char[225] = 128
feat_char[226] = 127
feat_char[227] = 128
feat_char[228] = 128
feat_char[229] = 128
feat_char[230] = 182
feat_char[231] = 128
feat_char[232] = 128
feat_char[233] = 128
feat_char[234] = 127
feat_char[235] = 128
feat_char[236] = 127
feat_char[237] = 128
feat_char[238] = 128
feat_char[239] = 128
feat_char[240] = 182
feat_char[241] = 128
feat_char[242] = 128
feat_char[243] = 128
feat_char[244] = 127
feat_char[245] = 128
feat_char[246] = 127
feat_char[247] = 128
feat_char[248] = 128
feat_char[249] = 128
feat_char[250] = 182
feat_char[251] = 128
feat_char[252] = 128
feat_char[253] = 128
feat_char[254] = 127
feat_char[255] = 128
feat_char[256] = 127
feat_char[257] = 128
feat_char[258] = 128
feat_char[259] = 128
feat_char[260] = 182
feat_char[261] = 128
feat_char[262] = 128
feat_char[263] = 128
feat_char[264] = 127
feat_char[265] = 128
feat_char[266] = 127
feat_char[267] = 128
feat_char[268] = 128
feat_char[269] = 128
feat_char[270] = 182
feat_char[271] = 128
feat_char[272] = 128
feat_char[273] = 128
feat_char[274] = 127
feat_char[275] = 128
feat_char[276] = 127
feat_char[277] = 128
feat_char[278] = 128
feat_char[279] = 128
feat_char[280] = 182
feat_char[281] = 128
feat_char[282] = 128
feat_char[283] = 128
feat_char[284] = 127
feat_char[285] = 128
feat_char[286] = 127
feat_char[287] = 128
feat_char[288] = 128
feat_char[289] = 128
feat_char[290] = 182
feat_char[291] = 128
feat_char[292] = 128
feat_char[293] = 128
feat_char[294] = 127
feat_char[295] = 128
feat_char[296] = 127
feat_char[297] = 128
feat_char[298] = 128
feat_char[299] = 128
feat_char[300] = 182
feat_char[301] = 128
feat_char[302] = 128
feat_char[303] = 128
feat_char[304] = 127
feat_char[305] = 128
feat_char[306] = 127
feat_char[307] = 128
feat_char[308] = 128
feat_char[309] = 128
feat_char[310] = 182
feat_char[311] = 128
feat_char[312] = 128
feat_char[313] = 128
feat_char[314] = 127
feat_char[315] = 128
feat_char[316] = 127
feat_char[317] = 128
feat_char[318] = 128
feat_char[319] = 128
feat_char[320] = 182
feat_char[321] = 128
feat_char[322] = 128
feat_char[323] = 128
feat_char[324] = 127
feat_char[325] = 128
feat_char[326] = 127
feat_char[327] = 128
feat_char[328] = 128
feat_char[329] = 128
feat_char[330] = 182
feat_char[331] = 128
feat_char[332] = 128
feat_char[333] = 128
feat_char[334] = 127
feat_char[335] = 128
feat_char[336] = 127
feat_char[337] = 128
feat_char[338] = 128
feat_char[339] = 128
feat_char[340] = 182
feat_char[341] = 128
feat_char[342] = 128
feat_char[343] = 128
feat_char[344] = 127
feat_char[345] = 128
feat_char[346] = 127
feat_char[347] = 128
feat_char[348] = 128
feat_char[349] = 128
feat_char[350] = 182
feat_char[351] = 128
feat_char[352] = 128
feat_char[353] = 128
feat_char[354] = 127
feat_char[355] = 128
feat_char[356] = 127
feat_char[357] = 128
feat_char[358] = 128
feat_char[359] = 128
feat_char[360] = 182
feat_char[361] = 128
feat_char[362] = 128
feat_char[363] = 128
feat_char[364] = 127
feat_char[365] = 128
feat_char[366] = 127
feat_char[367] = 128
feat_char[368] = 128
feat_char[369] = 128
feat_char[370] = 182
feat_char[371] = 128
feat_char[372] = 128
feat_char[373] = 128
feat_char[374] = 127
feat_char[375] = 128
feat_char[376] = 127
feat_char[377] = 128
feat_char[378] = 128
feat_char[379] = 128
feat_char[380] = 182
feat_char[381] = 128
feat_char[382] = 128
feat_char[383] = 128
feat_char[384] = 127
feat_char[385] = 128
feat_char[386] = 127
feat_char[387] = 128
feat_char[388] = 128
feat_char[389] = 128
feat_char[390] = 182
feat_char[391] = 128
feat_char[392] = 128
feat_char[393] = 128
feat_char[394] = 127
feat_char[395] = 128
feat_char[396] = 127
feat_char[397] = 128
feat_char[398] = 128
feat_char[399] = 128
feat_char[400] = 182
feat_char[401] = 128
feat_char[402] = 128
feat_char[403] = 128
feat_char[404] = 127
feat_char[405] = 128
feat_char[406] = 127
feat_char[407] = 128
feat_char[408] = 128
feat_char[409] = 128
feat_char[410] = 182
feat_char[411] = 128
feat_char[412] = 128
feat_char[413] = 128
feat_char[414] = 127
feat_char[415] = 128
feat_char[416] = 127
feat_char[417] = 128
feat_char[418] = 128
feat_char[419] = 128
feat_char[420] = 182
feat_char[421] = 128
feat_char[422] = 128
feat_char[423] = 128
feat_char[424] = 127
feat_char[425] = 128
feat_char[426] = 127
feat_char[427] = 128
feat_char[428] = 128
feat_char[429] = 128
feat_char[430] = 182
feat_char[431] = 128
feat_char[432] = 128
feat_char[433] = 128
feat_char[434] = 127
feat_char[435] = 128
feat_char[436] = 127
feat_char[437] = 128
feat_char[438] = 128
feat_char[439] = 128
feat_char[440] = 182
feat_char[441] = 128
feat_char[442] = 128
feat_char[443] = 128
feat_char[444] = 127
feat_char[445] = 128
feat_char[446] = 127
feat_char[447] = 128
feat_char[448] = 128
feat_char[449] = 128
feat_char[450] = 182
feat_char[451] = 128
feat_char[452] = 128
feat_char[453] = 128
feat_char[454] = 127
feat_char[455] = 128
feat_char[456] = 127
feat_char[457] = 128
feat_char[458] = 128
feat_char[459] = 128
feat_char[460] = 182
feat_char[461] = 128
feat_char[462] = 128
feat_char[463] = 128
feat_char[464] = 127
feat_char[465] = 128
feat_char[466] = 127
feat_char[467] = 128
feat_char[468] = 128
feat_char[469] = 128
feat_char[470] = 182
feat_char[471] = 128
feat_char[472] = 128
feat_char[473] = 128
feat_char[474] = 127
feat_char[475] = 128
feat_char[476] = 127
feat_char[477] = 128
feat_char[478] = 128
feat_char[479] = 128
feat_char[480] = 182
feat_char[481] = 128
feat_char[482] = 128
feat_char[483] = 128
feat_char[484] = 127
feat_char[485] = 128
feat_char[486] = 127
feat_char[487] = 128
feat_char[488] = 128
feat_char[489] = 128